// Jest Snapshot v1, https://goo.gl/fbAQLP

exports[`conventional-changelog-ori supports all types at once 1`] = `
"# 1.0.0 - 2019-02-26

New build system.

They are easier now!

#### 🎉 Release

- New major! ([a1b2c3d](https://github.com/rajzik/conventional-changelog-beemo/commit/a1b2c3d))

#### 💥 Breaking

- Forms have changed ([a1b2c3d](https://github.com/rajzik/conventional-changelog-beemo/commit/a1b2c3d))

#### 🚀 Updates

- **[core]** settings refactor ([a1b2c3d](https://github.com/rajzik/conventional-changelog-beemo/commit/a1b2c3d))
- **[modal, button]** added accessibility ([a1b2c3d](https://github.com/rajzik/conventional-changelog-beemo/commit/a1b2c3d)), closes  _#1_
  _#2_

- **[Test]** Hello darkness my old friend ([a1b2c3d](https://github.com/rajzik/conventional-changelog-beemo/commit/a1b2c3d))
- amazing new module ([a1b2c3d](https://github.com/rajzik/conventional-changelog-beemo/commit/a1b2c3d))

#### 🐞 Fixes

- Type of lastAddedCustomerOrderIds ([a1b2c3d](https://github.com/rajzik/conventional-changelog-beemo/commit/a1b2c3d))
- **[router]** Fix params ([a1b2c3d](https://github.com/rajzik/conventional-changelog-beemo/commit/a1b2c3d))
- updated i18n ([a1b2c3d](https://github.com/rajzik/conventional-changelog-beemo/commit/a1b2c3d))

#### 🔑 Security

- **[auth]** improved logic ([a1b2c3d](https://github.com/rajzik/conventional-changelog-beemo/commit/a1b2c3d)), closes  _#3_


#### ⚙️ Types

- Removed any ([a1b2c3d](https://github.com/rajzik/conventional-changelog-beemo/commit/a1b2c3d))

#### 🎨 Styles

- **[button]** polished rounded corners ([a1b2c3d](https://github.com/rajzik/conventional-changelog-beemo/commit/a1b2c3d))

#### 📘 Docs

- added getting started ([a1b2c3d](https://github.com/rajzik/conventional-changelog-beemo/commit/a1b2c3d))

#### 📦 Dependencies

- **[babel,jest]** Bumped to latest ([a1b2c3d](https://github.com/rajzik/conventional-changelog-beemo/commit/a1b2c3d))

#### 🛠 Internals

- **[ts]** updated types ([a1b2c3d](https://github.com/rajzik/conventional-changelog-beemo/commit/a1b2c3d))
- setup testing framework ([a1b2c3d](https://github.com/rajzik/conventional-changelog-beemo/commit/a1b2c3d))
- **[deps]** updated dev tools ([a1b2c3d](https://github.com/rajzik/conventional-changelog-beemo/commit/a1b2c3d))
- **[travis]** fixed yaml config ([a1b2c3d](https://github.com/rajzik/conventional-changelog-beemo/commit/a1b2c3d))"
`;

exports[`conventional-changelog-ori works if there is no semver tag 1`] = `
"## 1.0.0 - 2019-02-26

New build system.

#### 🚀 Updates

- **[ngOptions]** make it faster ([a1b2c3d](https://github.com/rajzik/conventional-changelog-beemo/commit/a1b2c3d)), closes  _#1_
  _#2_

- **[Test]** Hello darkness my old friend ([a1b2c3d](https://github.com/rajzik/conventional-changelog-beemo/commit/a1b2c3d))
- amazing new module ([a1b2c3d](https://github.com/rajzik/conventional-changelog-beemo/commit/a1b2c3d))

#### 🐞 Fixes

- Type of lastAddedCustomerOrderIds ([a1b2c3d](https://github.com/rajzik/conventional-changelog-beemo/commit/a1b2c3d))
- **[compile]** avoid a bug ([a1b2c3d](https://github.com/rajzik/conventional-changelog-beemo/commit/a1b2c3d))

#### ⚙️ Types

- Added unknown ([a1b2c3d](https://github.com/rajzik/conventional-changelog-beemo/commit/a1b2c3d))

#### ↩️ Reverts

- **[ngOptions]** bad commit ([a1b2c3d](https://github.com/rajzik/conventional-changelog-beemo/commit/a1b2c3d))

#### 🛠 Internals

- Added before hooks ([a1b2c3d](https://github.com/rajzik/conventional-changelog-beemo/commit/a1b2c3d))
- **[travis]** add TravisCI pipeline ([a1b2c3d](https://github.com/rajzik/conventional-changelog-beemo/commit/a1b2c3d))
- first build setup ([a1b2c3d](https://github.com/rajzik/conventional-changelog-beemo/commit/a1b2c3d))"
`;
